../Core/Src/main.c:77:5:main	8	static
../Core/Src/main.c:132:6:SystemClock_Config	128	static
../Core/Src/main.c:180:13:MX_ADC3_Init	48	static
../Core/Src/main.c:246:13:MX_TIM4_Init	48	static
../Core/Src/main.c:295:13:MX_TIM7_Init	24	static
../Core/Src/main.c:333:13:MX_USART2_UART_Init	8	static
../Core/Src/main.c:368:13:MX_GPIO_Init	48	static
../Core/Src/main.c:399:6:HAL_GPIO_EXTI_Callback	24	static
../Core/Src/main.c:426:6:HAL_ADC_ConvCpltCallback	24	static
../Core/Src/main.c:452:6:Error_Handler	4	static,ignoring_inline_asm
